ets Jul 29 2019 12:21:46

rst:0x1 (POWERON_RESET),boot:0x17 (SPI_FAST_FLASH_BOOT)
configsip: 0, SPIWP:0xee
clk_drv:0x00,q_drv:0x00,d_drv:0x00,cs0_drv:0x00,hd_drv:0x00,wp_drv:0x00
mode:DIO, clock div:2
load:0x3fff0040,len:6272
load:0x40078000,len:15848
load:0x40080400,len:3920
entry 0x40080644
I (27) boot: ESP-IDF v6.0.1 2nd stage bootloader
I (27) boot: compile time Jul  4 2026 14:43:03
I (28) boot: Multicore bootloader
I (29) boot: chip revision: v3.1
I (32) boot.esp32: SPI Speed      : 40MHz
I (35) boot.esp32: SPI Mode       : DIO
I (39) boot.esp32: SPI Flash Size : 4MB
I (42) boot: Enabling RNG early entropy source...
I (47) boot: Partition Table:
I (49) boot: ## Label            Usage          Type ST Offset   Length
I (56) boot:  0 nvs              WiFi data        01 02 00009000 00006000
I (62) boot:  1 phy_init         RF data          01 01 0000f000 00001000
I (69) boot:  2 factory          factory app      00 00 00010000 00177000
I (75) boot: End of partition table
I (79) esp_image: segment 0: paddr=00010020 vaddr=3f400020 size=6a30ch (434956) map
I (241) esp_image: segment 1: paddr=0007a334 vaddr=3ffbdb60 size=04fd8h ( 20440) load
I (249) esp_image: segment 2: paddr=0007f314 vaddr=40080000 size=00d04h (  3332) load
I (251) esp_image: segment 3: paddr=00080020 vaddr=400d0020 size=6aeb0h (437936) map
I (411) esp_image: segment 4: paddr=000eaed8 vaddr=40080d04 size=17eb8h ( 97976) load
I (451) esp_image: segment 5: paddr=00102d98 vaddr=50000000 size=00028h (    40) load
I (464) boot: Loaded app from partition at offset 0x10000
I (464) boot: Disabling RNG early entropy source...
I (474) cpu_start: Multicore app
I (482) cpu_start: GPIO 3 and 1 are used as console UART I/O pins
I (482) cpu_start: Pro cpu start user code
I (483) cpu_start: cpu freq: 160000000 Hz
I (484) app_init: Application information:
I (488) app_init: Project name:     cy01_esp32_fast_keyboard
I (494) app_init: App version:      0de65cb-dirty
I (498) app_init: Compile time:     Jul  4 2026 22:34:09
I (503) app_init: ELF file SHA256:  743a85ed1...
I (507) app_init: ESP-IDF:          v6.0.1
I (511) efuse_init: Min chip rev:     v0.0
I (515) efuse_init: Max chip rev:     v3.99 
I (519) efuse_init: Chip rev:         v3.1
I (523) heap_init: Initializing. RAM available for dynamic allocation:
I (529) heap_init: At 3FFAFF10 len 000000F0 (0 KiB): DRAM
I (534) heap_init: At 3FFB6388 len 00001C78 (7 KiB): DRAM
I (539) heap_init: At 3FFB9A20 len 00004108 (16 KiB): DRAM
I (545) heap_init: At 3FFC6FA8 len 00019058 (100 KiB): DRAM
I (550) heap_init: At 3FFE0440 len 00003AE0 (14 KiB): D/IRAM
I (555) heap_init: At 3FFE4350 len 0001BCB0 (111 KiB): D/IRAM
I (561) heap_init: At 40098BBC len 00007444 (29 KiB): IRAM
I (567) spi_flash: detected chip: generic
I (570) spi_flash: flash io: dio
I (574) coexist: coex firmware version: b00e8cb
I (578) main_task: Started on CPU0
I (588) main_task: Calling app_main()
I (598) CY01: boot: FastKeyboard
I (598) CY01: chip cores=2 revision=301 features=0x00000032
I (598) CY01: flash=4MB
I (598) CY01: bt_mac=20:E7:C8:9C:64:5E
I (598) CY01: lcd init: ST7789 MOSI=13 MISO=12 SCLK=14 CS=15 DC=2 BL=21
I (818) CY01: lcd init ok
I (818) CY01: touch pins: SCK=25 DIN=32 CS=33 IRQ=36 DOUT=39
I (818) CY01: beeper pin: GPIO23 pulse=80ms
I (818) BTDM_INIT: BT controller compile version [a5d37fe]
I (828) BTDM_INIT: Using main XTAL as clock source
I (828) BTDM_INIT: Bluetooth MAC: 20:e7:c8:9c:64:5e
I (838) phy_init: phy_version 4863,a3a4459,Oct 28 2025,14:30:06
I (1248) CY01: BLE HID started; advertising as "FastKeyboard"
I (1248) CY01: touch task running; layout: top=C middle=V bottom=X, screen 320x240
I (1248) CY01: main loop running
I (1248) main_task: Returned from app_main()
I (1368) CY01: BLE HID connected
I (1818) ESP_HID_GAP: BLE GAP AUTH SUCCESS
