ets Jul 29 2019 12:21:46

rst:0x1 (POWERON_RESET),boot:0x17 (SPI_FAST_FLASH_BOOT)
configsip: 0, SPIWP:0xee
clk_drv:0x00,q_drv:0x00,d_drv:0x00,cs0_drv:0x00,hd_drv:0x00,wp_drv:0x00
mode:DIO, clock div:2
load:0x3fff0040,len:6272
load:0x40078000,len:15848
load:0x40080400,len:3920
entry 0x40080644
I (27) boot: ESP-IDF v6.0.1 2nd stage bootloader
I (27) boot: compile time Jul  4 2026 14:43:03
I (28) boot: Multicore bootloader
I (29) boot: chip revision: v3.1
I (32) boot.esp32: SPI Speed      : 40MHz
I (35) boot.esp32: SPI Mode       : DIO
I (39) boot.esp32: SPI Flash Size : 4MB
I (42) boot: Enabling RNG early entropy source...
I (47) boot: Partition Table:
I (49) boot: ## Label            Usage          Type ST Offset   Length
I (56) boot:  0 nvs              WiFi data        01 02 00009000 00006000
I (62) boot:  1 phy_init         RF data          01 01 0000f000 00001000
I (69) boot:  2 factory          factory app      00 00 00010000 00177000
I (75) boot: End of partition table
I (79) esp_image: segment 0: paddr=00010020 vaddr=3f400020 size=42a4ch (272972) map
I (183) esp_image: segment 1: paddr=00052a74 vaddr=3ffbdb60 size=05028h ( 20520) load
I (192) esp_image: segment 2: paddr=00057aa4 vaddr=40080000 size=08574h ( 34164) load
I (206) esp_image: segment 3: paddr=00060020 vaddr=400d0020 size=9b23ch (635452) map
I (432) esp_image: segment 4: paddr=000fb264 vaddr=40088574 size=10648h ( 67144) load
I (460) esp_image: segment 5: paddr=0010b8b4 vaddr=50000000 size=00028h (    40) load
I (473) boot: Loaded app from partition at offset 0x10000
I (473) boot: Disabling RNG early entropy source...
I (483) cpu_start: Multicore app
I (491) cpu_start: GPIO 3 and 1 are used as console UART I/O pins
I (492) cpu_start: Pro cpu start user code
I (492) cpu_start: cpu freq: 160000000 Hz
I (494) app_init: Application information:
I (497) app_init: Project name:     cy01_esp32_fast_keyboard
I (503) app_init: App version:      6383f60-dirty
I (507) app_init: Compile time:     Jul  4 2026 22:53:50
I (512) app_init: ELF file SHA256:  d19f5cab2...
I (517) app_init: ESP-IDF:          v6.0.1
I (520) efuse_init: Min chip rev:     v0.0
I (524) efuse_init: Max chip rev:     v3.99 
I (528) efuse_init: Chip rev:         v3.1
I (532) heap_init: Initializing. RAM available for dynamic allocation:
I (538) heap_init: At 3FFAFF10 len 000000F0 (0 KiB): DRAM
I (543) heap_init: At 3FFB6388 len 00001C78 (7 KiB): DRAM
I (549) heap_init: At 3FFB9A20 len 00004108 (16 KiB): DRAM
I (554) heap_init: At 3FFCF208 len 00010DF8 (67 KiB): DRAM
I (559) heap_init: At 3FFE0440 len 00003AE0 (14 KiB): D/IRAM
I (564) heap_init: At 3FFE4350 len 0001BCB0 (111 KiB): D/IRAM
I (570) heap_init: At 40098BBC len 00007444 (29 KiB): IRAM
I (576) spi_flash: detected chip: generic
I (579) spi_flash: flash io: dio
I (583) coexist: coex firmware version: b00e8cb
I (587) main_task: Started on CPU0
I (597) main_task: Calling app_main()
I (607) CY01: boot: FastKeyboard
I (607) CY01: chip cores=2 revision=301 features=0x00000032
I (607) CY01: flash=4MB
I (607) CY01: bt_mac=20:E7:C8:9C:64:5E
I (607) CY01: lcd init: ST7789 MOSI=13 MISO=12 SCLK=14 CS=15 DC=2 BL=21
I (877) CY01: lcd init ok
I (877) CY01: touch pins: SCK=25 DIN=32 CS=33 IRQ=36 DOUT=39
I (877) CY01: beeper pin: GPIO23 pulse=80ms
I (887) BTDM_INIT: BT controller compile version [a5d37fe]
I (887) BTDM_INIT: Using main XTAL as clock source
I (887) BTDM_INIT: Bluetooth MAC: 20:e7:c8:9c:64:5e
I (897) phy_init: phy_version 4863,a3a4459,Oct 28 2025,14:30:06
I (977) phy_init: Saving new calibration data due to checksum failure or outdated calibration data, mode(0)
I (1317) CY01: BLE HID started; advertising as "FastKeyboard"
I (1317) CY01: touch task running; layout: top=C middle=V bottom=X, screen 320x240
I (1317) CY01: main loop running
I (1327) main_task: Returned from app_main()
I (1457) CY01: touch raw=(1211,2036) mapped=(79,116) button=V
I (1497) CY01: BLE HID connected
I (1577) CY01: sent Command+V
I (1827) ESP_HID_GAP: BLE GAP AUTH SUCCESS
I (2497) CY01: touch raw=(1498,3260) mapped=(106,201) button=C
I (2617) CY01: sent Command+C
