ïŋ―ïŋ―RBïŋ―ÂšJïŋ―ets Jul 29 2019 12:21:46

rst:0x1 (POWERON_RESET),boot:0x17 (SPI_FAST_FLASH_BOOT)
configsip: 0, SPIWP:0xee
clk_drv:0x00,q_drv:0x00,d_drv:0x00,cs0_drv:0x00,hd_drv:0x00,wp_drv:0x00
mode:DIO, clock div:2
load:0x3fff0040,len:6272
load:0x40078000,len:15848
load:0x40080400,len:3920
entry 0x40080644
I (27) boot: ESP-IDF v6.0.1 2nd stage bootloader
I (27) boot: compile time Jul  4 2026 14:43:03
I (28) boot: Multicore bootloader
I (29) boot: chip revision: v3.1
I (32) boot.esp32: SPI Speed      : 40MHz
I (35) boot.esp32: SPI Mode       : DIO
I (39) boot.esp32: SPI Flash Size : 4MB
I (42) boot: Enabling RNG early entropy source...
I (47) boot: Partition Table:
I (49) boot: ## Label            Usage          Type ST Offset   Length
I (56) boot:  0 nvs              WiFi data        01 02 00009000 00006000
I (62) boot:  1 phy_init         RF data          01 01 0000f000 00001000
I (69) boot:  2 factory          factory app      00 00 00010000 00177000
I (75) boot: End of partition table
I (79) esp_image: segment 0: paddr=00010020 vaddr=3f400020 size=1f28ch (127628) map
I (132) esp_image: segment 1: paddr=0002f2b4 vaddr=3ffbdb60 size=00d64h (  3428) load
I (133) esp_image: segment 2: paddr=00030020 vaddr=400d0020 size=6b050h (438352) map
I (292) esp_image: segment 3: paddr=0009b078 vaddr=3ffbe8c4 size=04274h ( 17012) load
I (299) esp_image: segment 4: paddr=0009f2f4 vaddr=40080000 size=18bbch (101308) load
I (340) esp_image: segment 5: paddr=000b7eb8 vaddr=50000000 size=00028h (    40) load
I (353) boot: Loaded app from partition at offset 0x10000
I (353) boot: Disabling RNG early entropy source...
I (363) cpu_start: Multicore app
I (371) cpu_start: GPIO 3 and 1 are used as console UART I/O pins
I (372) cpu_start: Pro cpu start user code
I (372) cpu_start: cpu freq: 160000000 Hz
I (373) app_init: Application information:
I (377) app_init: Project name:     cy01_esp32_fast_keyboard
I (383) app_init: App version:      e793d36-dirty
I (387) app_init: Compile time:     Jul  4 2026 16:08:46
I (392) app_init: ELF file SHA256:  0d33cb11f...
I (396) app_init: ESP-IDF:          v6.0.1
I (400) efuse_init: Min chip rev:     v0.0
I (404) efuse_init: Max chip rev:     v3.99 
I (408) efuse_init: Chip rev:         v3.1
I (412) heap_init: Initializing. RAM available for dynamic allocation:
I (418) heap_init: At 3FFAFF10 len 000000F0 (0 KiB): DRAM
I (423) heap_init: At 3FFB6388 len 00001C78 (7 KiB): DRAM
I (428) heap_init: At 3FFB9A20 len 00004108 (16 KiB): DRAM
I (434) heap_init: At 3FFC7228 len 00018DD8 (99 KiB): DRAM
I (439) heap_init: At 3FFE0440 len 00003AE0 (14 KiB): D/IRAM
I (444) heap_init: At 3FFE4350 len 0001BCB0 (111 KiB): D/IRAM
I (450) heap_init: At 40098BBC len 00007444 (29 KiB): IRAM
I (456) spi_flash: detected chip: generic
I (459) spi_flash: flash io: dio
I (463) coexist: coex firmware version: b00e8cb
I (467) main_task: Started on CPU0
I (477) main_task: Calling app_main()
I (487) CY01: boot: FastKeyboard
I (487) CY01: chip cores=2 revision=301 features=0x00000032
I (487) CY01: flash=4MB
I (487) CY01: bt_mac=20:E7:C8:9C:64:5E
I (487) CY01: lcd init: ST7789 MOSI=13 MISO=12 SCLK=14 CS=15 DC=2 BL=21
I (987) CY01: lcd init ok
I (987) CY01: touch pins: SCK=25 DIN=32 CS=33 IRQ=36 DOUT=39
I (987) BTDM_INIT: BT controller compile version [a5d37fe]
I (987) BTDM_INIT: Using main XTAL as clock source
I (987) BTDM_INIT: Bluetooth MAC: 20:e7:c8:9c:64:5e
I (997) phy_init: phy_version 4863,a3a4459,Oct 28 2025,14:30:06
I (1067) phy_init: Saving new calibration data due to checksum failure or outdated calibration data, mode(0)
E (1397) ESP_HID_GAP: GAP config_adv_data failed: 258
ESP_ERROR_CHECK failed: esp_err_t 0x102 (ESP_ERR_INVALID_ARG) at 0x400dc0ea
file: "./main/main.c" line 510
func: app_main
expression: esp_hid_ble_gap_adv_init(ESP_HID_APPEARANCE_KEYBOARD, DEVICE_NAME)

abort() was called at PC 0x4009363e on core 0


Backtrace: 0x400936d5:0x3ffbbaa0 0x400936a1:0x3ffbbac0 0x400931ff:0x3ffbbae0 0x4009363e:0x3ffbbb50 0x400dc0ea:0x3ffbbb80 0x400d610d:0x3ffbbc60




ELF file SHA256: 0d33cb11f

Rebooting...
ets Jul 29 2019 12:21:46

rst:0xc (SW_CPU_RESET),boot:0x17 (SPI_FAST_FLASH_BOOT)
configsip: 0, SPIWP:0xee
clk_drv:0x00,q_drv:0x00,d_drv:0x00,cs0_drv:0x00,hd_drv:0x00,wp_drv:0x00
mode:DIO, clock div:2
load:0x3fff0040,len:6272
load:0x40078000,len:15848
load:0x40080400,len:3920
entry 0x40080644
I (27) boot: ESP-IDF v6.0.1 2nd stage bootloader
I (27) boot: compile time Jul  4 2026 14:43:03
I (27) boot: Multicore bootloader
I (29) boot: chip revision: v3.1
I (31) boot.esp32: SPI Speed      : 40MHz
I (35) boot.esp32: SPI Mode       : DIO
I (39) boot.esp32: SPI Flash Size : 4MB
I (42) boot: Enabling RNG early entropy source...
I (47) boot: Partition Table:
I (49) boot: ## Label            Usage          Type ST Offset   Length
I (56) boot:  0 nvs              WiFi data        01 02 00009000 00006000
I (62) boot:  1 phy_init         RF data          01 01 0000f000 00001000
I (69) boot:  2 factory          factory app      00 00 00010000 00177000
I (75) boot: End of partition table
I (79) esp_image: segment 0: paddr=00010020 vaddr=3f400020 size=1f28ch (127628) map
I (132) esp_image: segment 1: paddr=0002f2b4 vaddr=3ffbdb60 size=00d64h (  3428) load
I (133) esp_image: segment 2: paddr=00030020 vaddr=400d0020 size=6b050h (438352) map
I (292) esp_image: segment 3: paddr=0009b078 vaddr=3ffbe8c4 size=04274h ( 17012) load
I (298) esp_image: segment 4: paddr=0009f2f4 vaddr=40080000 size=18bbch (101308) load
I (340) esp_image: segment 5: paddr=000b7eb8 vaddr=50000000 size=00028h (    40) load
I (353) boot: Loaded app from partition at offset 0x10000
I (353) boot: Disabling RNG early entropy source...
I (363) cpu_start: Multicore app
I (371) cpu_start: GPIO 3 and 1 are used as console UART I/O pins
I (371) cpu_start: Pro cpu start user code
I (372) cpu_start: cpu freq: 160000000 Hz
I (373) app_init: Application information:
I (377) app_init: Project name:     cy01_esp32_fast_keyboard
I (383) app_init: App version:      e793d36-dirty
I (387) app_init: Compile time:     Jul  4 2026 16:08:46
I (392) app_init: ELF file SHA256:  0d33cb11f...
I (396) app_init: ESP-IDF:          v6.0.1
I (400) efuse_init: Min chip rev:     v0.0
I (404) efuse_init: Max chip rev:     v3.99 
I (408) efuse_init: Chip rev:         v3.1
I (412) heap_init: Initializing. RAM available for dynamic allocation:
I (418) heap_init: At 3FFAFF10 len 000000F0 (0 KiB): DRAM
I (423) heap_init: At 3FFB6388 len 00001C78 (7 KiB): DRAM
I (428) heap_init: At 3FFB9A20 len 00004108 (16 KiB): DRAM
I (434) heap_init: At 3FFC7228 len 00018DD8 (99 KiB): DRAM
I (439) heap_init: At 3FFE0440 len 00003AE0 (14 KiB): D/IRAM
I (444) heap_init: At 3FFE4350 len 0001BCB0 (111 KiB): D/IRAM
I (450) heap_init: At 40098BBC len 00007444 (29 KiB): IRAM
I (456) spi_flash: detected chip: generic
I (459) spi_flash: flash io: dio
I (463) coexist: coex firmware version: b00e8cb
I (467) main_task: Started on CPU0
I (477) main_task: Calling app_main()
I (487) CY01: boot: FastKeyboard
I (487) CY01: chip cores=2 revision=301 features=0x00000032
I (487) CY01: flash=4MB
I (487) CY01: bt_mac=20:E7:C8:9C:64:5E
I (487) CY01: lcd init: ST7789 MOSI=13 MISO=12 SCLK=14 CS=15 DC=2 BL=21
I (987) CY01: lcd init ok
I (987) CY01: touch pins: SCK=25 DIN=32 CS=33 IRQ=36 DOUT=39
I (987) BTDM_INIT: BT controller compile version [a5d37fe]
I (987) BTDM_INIT: Using main XTAL as clock source
I (987) BTDM_INIT: Bluetooth MAC: 20:e7:c8:9c:64:5e
I (997) phy_init: phy_version 4863,a3a4459,Oct 28 2025,14:30:06
I (1077) phy_init: Saving new calibration data due to checksum failure or outdated calibration data, mode(0)
E (1427) ESP_HID_GAP: GAP config_adv_data failed: 258
ESP_ERROR_CHECK failed: esp_err_t 0x102 (ESP_ERR_INVALID_ARG) at 0x400dc0ea
file: "./main/main.c" line 510
func: app_main
expression: esp_hid_ble_gap_adv_init(ESP_HID_APPEARANCE_KEYBOARD, DEVICE_NAME)

abort() was called at PC 0x4009363e on core 0


Backtrace: 0x400936d5:0x3ffbbaa0 0x400936a1:0x3ffbbac0 0x400931ff:0x3ffbbae0 0x4009363e:0x3ffbbb50 0x400dc0ea:0x3ffbbb80 0x400d610d:0x3ffbbc60




ELF file SHA256: 0d33cb11f

Rebooting...
ets Jul 29 2019 12:21:46

rst:0xc (SW_CPU_RESET),boot:0x17 (SPI_FAST_FLASH_BOOT)
configsip: 0, SPIWP:0xee
clk_drv:0x00,q_drv:0x00,d_drv:0x00,cs0_drv:0x00,hd_drv:0x00,wp_drv:0x00
mode:DIO, clock div:2
load:0x3fff0040,len:6272
load:0x40078000,len:15848
load:0x40080400,len:3920
entry 0x40080644
I (27) boot: ESP-IDF v6.0.1 2nd stage bootloader
I (27) boot: compile time Jul  4 2026 14:43:03
I (27) boot: Multicore bootloader
I (29) boot: chip revision: v3.1
I (31) boot.esp32: SPI Speed      : 40MHz
I (35) boot.esp32: SPI Mode       : DIO
I (39) boot.esp32: SPI Flash Size : 4MB
I (42) boot: Enabling RNG early entropy source...
I (47) boot: Partition Table:
I (49) boot: ## Label            Usage          Type ST Offset   Length
I (56) boot:  0 nvs              WiFi data        01 02 00009000 00006000
I (62) boot:  1 phy_init         RF data          01 01 0000f000 00001000
I (69) boot:  2 factory          factory app      00 00 00010000 00177000
I (75) boot: End of partition table
I (79) esp_image: segment 0: paddr=00010020 vaddr=3f400020 size=1f28ch (127628) map
I (132) esp_image: segment 1: paddr=0002f2b4 vaddr=3ffbdb60 size=00d64h (  3428) load
I (133) esp_image: segment 2: paddr=00030020 vaddr=400d0020 size=6b050h (438352) map
I (292) esp_image: segment 3: paddr=0009b078 vaddr=3ffbe8c4 size=04274h ( 17012) load
I (298) esp_image: segment 4: paddr=0009f2f4 vaddr=40080000 size=18bbch (101308) load
I (340) esp_image: segment 5: paddr=000b7eb8 vaddr=50000000 size=00028h (    40) load
I (353) boot: Loaded app from partition at offset 0x10000
I (353) boot: Disabling RNG early entropy source...
I (363) cpu_start: Multicore app
I (371) cpu_start: GPIO 3 and 1 are used as console UART I/O pins
I (371) cpu_start: Pro cpu start user code
I (372) cpu_start: cpu freq: 160000000 Hz
I (373) app_init: Application information:
I (377) app_init: Project name:     cy01_esp32_fast_keyboard
I (383) app_init: App version:      e793d36-dirty
I (387) app_init: Compile time:     Jul  4 2026 16:08:46
I (392) app_init: ELF file SHA256:  0d33cb11f...
I (396) app_init: ESP-IDF:          v6.0.1
I (400) efuse_init: Min chip rev:     v0.0
I (404) efuse_init: Max chip rev:     v3.99 
I (408) efuse_init: Chip rev:         v3.1
I (412) heap_init: Initializing. RAM available for dynamic allocation:
I (418) heap_init: At 3FFAFF10 len 000000F0 (0 KiB): DRAM
I (423) heap_init: At 3FFB6388 len 00001C78 (7 KiB): DRAM
I (428) heap_init: At 3FFB9A20 len 00004108 (16 KiB): DRAM
I (434) heap_init: At 3FFC7228 len 00018DD8 (99 KiB): DRAM
I (439) heap_init: At 3FFE0440 len 00003AE0 (14 KiB): D/IRAM
I (444) heap_init: At 3FFE4350 len 0001BCB0 (111 KiB): D/IRAM
I (450) heap_init: At 40098BBC len 00007444 (29 KiB): IRAM
I (456) spi_flash: detected chip: generic
I (459) spi_flash: flash io: dio
I (463) coexist: coex firmware version: b00e8cb
I (467) main_task: Started on CPU0
I (477) main_task: Calling app_main()
I (487) CY01: boot: FastKeyboard
I (487) CY01: chip cores=2 revision=301 features=0x00000032
I (487) CY01: flash=4MB
I (487) CY01: bt_mac=20:E7:C8:9C:64:5E
I (487) CY01: lcd init: ST7789 MOSI=13 MISO=12 SCLK=14 CS=15 DC=2 BL=21
I (987) CY01: lcd init ok
I (987) CY01: touch pins: SCK=25 DIN=32 CS=33 IRQ=36 DOUT=39
I (987) BTDM_INIT: BT controller compile version [a5d37fe]
I (987) BTDM_INIT: Using main XTAL as clock source
I (987) BTDM_INIT: Bluetooth MAC: 20:e7:c8:9c:64:5e
I (997) phy_init: phy_version 4863,a3a4459,Oct 28 2025,14:30:06
E (1387) ESP_HID_GAP: GAP config_adv_data failed: 258
ESP_ERROR_CHECK failed: esp_err_t 0x102 (ESP_ERR_INVALID_ARG) at 0x400dc0ea
file: "./main/main.c" line 510
func: app_main
expression: esp_hid_ble_gap_adv_init(ESP_HID_APPEARANCE_KEYBOARD, DEVICE_NAME)

abort() was called at PC 0x4009363e on core 0


Backtrace: 0x400936d5:0x3ffbbaa0 0x400936a1:0x3ffbbac0 0x400931ff:0x3ffbbae0 0x4009363e:0x3ffbbb50 0x400dc0ea:0x3ffbbb80 0x400d610d:0x3ffbbc60




ELF file SHA256: 0d33cb11f

Rebooting...
ets Jul 29 2019 12:21:46

rst:0xc (SW_CPU_RESET),boot:0x17 (SPI_FAST_FLASH_BOOT)
configsip: 0, SPIWP:0xee
clk_drv:0x00,q_drv:0x00,d_drv:0x00,cs0_drv:0x00,hd_drv:0x00,wp_drv:0x00
mode:DIO, clock div:2
load:0x3fff0040,len:6272
load:0x40078000,len:15848
load:0x40080400,len:3920
entry 0x40080644
I (27) boot: ESP-IDF v6.0.1 2nd stage bootloader
I (27) boot: compile time Jul  4 2026 14:43:03
I (27) boot: Multicore bootloader
I (29) boot: chip revision: v3.1
I (31) boot.esp32: SPI Speed      : 40MHz
I (35) boot.esp32: SPI Mode       : DIO
I (39) boot.esp32: SPI Flash Size : 4MB
I (42) boot: Enabling RNG early entropy source...
I (47) boot: Partition Table:
I (49) boot: ## Label            Usage          Type ST Offset   Length
I (56) boot:  0 nvs              WiFi data        01 02 00009000 00006000
I (62) boot:  1 phy_init         RF data          01 01 0000f000 00001000
I (69) boot:  2 factory          factory app      00 00 00010000 00177000
I (75) boot: End of partition table
I (79) esp_image: segment 0: paddr=00010020 vaddr=3f400020 size=1f28ch (127628) map
I (132) esp_image: segment 1: paddr=0002f2b4 vaddr=3ffbdb60 size=00d64h (  3428) load
I (133) esp_image: segment 2: paddr=00030020 vaddr=400d0020 size=6b050h (438352) map
I (292) esp_image: segment 3: paddr=0009b078 vaddr=3ffbe8c4 size=04274h ( 17012) load
I (298) esp_image: segment 4: paddr=0009f2f4 vaddr=40080000 size=18bbch (101308) load
I (340) esp_image: segment 5: paddr=000b7eb8 vaddr=50000000 size=00028h (    40) load
I (353) boot: Loaded app from partition at offset 0x10000
I (353) boot: Disabling RNG early entropy source...
I (363) cpu_start: Multicore app
I (371) cpu_start: GPIO 3 and 1 are used as console UART I/O pins
I (371) cpu_start: Pro cpu start user code
I (372) cpu_start: cpu freq: 160000000 Hz
I (373) app_init: Application information:
I (377) app_init: Project name:     cy01_esp32_fast_keyboard
I (383) app_init: App version:      e793d36-dirty
I (387) app_init: Compile time:     Jul  4 2026 16:08:46
I (392) app_init: ELF file SHA256:  0d33cb11f...
I (396) app_init: ESP-IDF:          v6.0.1
I (400) efuse_init: Min chip rev:     v0.0
I (404) efuse_init: Max chip rev:     v3.99 
I (408) efuse_init: Chip rev:         v3.1
I (412) heap_init: Initializing. RAM available for dynamic allocation:
I (418) heap_init: At 3FFAFF10 len 000000F0 (0 KiB): DRAM
I (423) heap_init: At 3FFB6388 len 00001C78 (7 KiB): DRAM
I (428) heap_init: At 3FFB9A20 len 00004108 (16 KiB): DRAM
I (434) heap_init: At 3FFC7228 len 00018DD8 (99 KiB): DRAM
I (439) heap_init: At 3FFE0440 len 00003AE0 (14 KiB): D/IRAM
I (444) heap_init: At 3FFE4350 len 0001BCB0 (111 KiB): D/IRAM
I (450) heap_init: At 40098BBC len 00007444 (29 KiB): IRAM
I (456) spi_flash: detected chip: generic
I (459) spi_flash: flash io: dio
I (463) coexist: coex firmware version: b00e8cb
I (467) main_task: Started on CPU0
I (477) main_task: Calling app_main()
I (487) CY01: boot: FastKeyboard
I (487) CY01: chip cores=2 revision=301 features=0x00000032
I (487) CY01: flash=4MB
I (487) CY01: bt_mac=20:E7:C8:9C:64:5E
I (487) CY01: lcd init: ST7789 MOSI=13 MISO=12 SCLK=14 CS=15 DC=2 BL=21
I (987) CY01: lcd init ok
I (987) CY01: touch pins: SCK=25 DIN=32 CS=33 IRQ=36 DOUT=39
I (987) BTDM_INIT: BT controller compile version [a5d37fe]
I (987) BTDM_INIT: Using main XTAL as clock source
I (987) BTDM_INIT: Bluetooth MAC: 20:e7:c8:9c:64:5e
I (997) phy_init: phy_version 4863,a3a4459,Oct 28 2025,14:30:06
I (1077) phy_init: Saving new calibration data due to checksum failure or outdated calibration data, mode(0)
E (1397) ESP_HID_GAP: GAP config_adv_data failed: 258
ESP_ERROR_CHECK failed: esp_err_t 0x102 (ESP_ERR_INVALID_ARG) at 0x400dc0ea
file: "./main/main.c" line 510
func: app_main
expression: esp_hid_ble_gap_adv_init(ESP_HID_APPEARANCE_KEYBOARD, DEVICE_NAME)

abort() was called at PC 0x4009363e on core 0


Backtrace: 0x400936d5:0x3ffbbaa0 0x400936a1:0x3ffbbac0 0x400931ff:0x3ffbbae0 0x4009363e:0x3ffbbb50 0x400dc0ea:0x3ffbbb80 0x400d610d:0x3ffbbc60




ELF file SHA256: 0d33cb11f

Rebooting...
ets Jul 29 2019 12:21:46

rst:0xc (SW_CPU_RESET),boot:0x17 (SPI_FAST_FLASH_BOOT)
configsip: 0, SPIWP:0xee
clk_drv:0x00,q_drv:0x00,d_drv:0x00,cs0_drv:0x00,hd_drv:0x00,wp_drv:0x00
mode:DIO, clock div:2
load:0x3fff0040,len:6272
load:0x40078000,len:15848
load:0x40080400,len:3920
entry 0x40080644
I (27) boot: ESP-IDF v6.0.1 2nd stage bootloader
I (27) boot: compile time Jul  4 2026 14:43:03
I (27) boot: Multicore bootloader
I (29) boot: chip revision: v3.1
I (31) boot.esp32: SPI Speed      : 40MHz
I (35) boot.esp32: SPI Mode       : DIO
I (39) boot.esp32: SPI Flash Size : 4MB
I (42) boot: Enabling RNG early entropy source...
I (47) boot: Partition Table:
I (49) boot: ## Label            Usage          Type ST Offset   Length
I (56) boot:  0 nvs              WiFi data        01 02 00009000 00006000
I (62) boot:  1 phy_init         RF data          01 01 0000f000 00001000
I (69) boot:  2 factory          factory app      00 00 00010000 00177000
I (75) boot: End of partition table
I (79) esp_image: segment 0: paddr=00010020 vaddr=3f400020 size=1f28ch (127628) map
I (132) esp_image: segment 1: paddr=0002f2b4 vaddr=3ffbdb60 size=00d64h (  3428) load
I (133) esp_image: segment 2: paddr=00030020 vaddr=400d0020 size=6b050h (438352) map
I (292) esp_image: segment 3: paddr=0009b078 vaddr=3ffbe8c4 size=04274h ( 17012) load
I (298) esp_image: segment 4: paddr=0009f2f4 vaddr=40080000 size=18bbch (101308) load
I (340) esp_image: segment 5: paddr=000b7eb8 vaddr=50000000 size=00028h (    40) load
I (353) boot: Loaded app from partition at offset 0x10000
I (353) boot: Disabling RNG early entropy source...
I (363) cpu_start: Multicore app
I (371) cpu_start: GPIO 3 and 1 are used as console UART I/O pins
I (371) cpu_start: Pro cpu start user code
I (372) cpu_start: cpu freq: 160000000 Hz
I (373) app_init: Application information:
I (377) app_init: Project name:     cy01_esp32_fast_keyboard
I (383) app_init: App version:      e793d36-dirty
I (387) app_init: Compile time:     Jul  4 2026 16:08:46
I (392) app_init: ELF file SHA256:  0d33cb11f...
I (396) app_init: ESP-IDF:          v6.0.1
I (400) efuse_init: Min chip rev:     v0.0
I (404) efuse_init: Max chip rev:     v3.99 
I (408) efuse_init: Chip rev:         v3.1
I (412) heap_init: Initializing. RAM available for dynamic allocation:
I (418) heap_init: At 3FFAFF10 len 000000F0 (0 KiB): DRAM
I (423) heap_init: At 3FFB6388 len 00001C78 (7 KiB): DRAM
I (428) heap_init: At 3FFB9A20 len 00004108 (16 KiB): DRAM
I (434) heap_init: At 3FFC7228 len 00018DD8 (99 KiB): DRAM
I (439) heap_init: At 3FFE0440 len 00003AE0 (14 KiB): D/IRAM
I (444) heap_init: At 3FFE4350 len 0001BCB0 (111 KiB): D/IRAM
I (450) heap_init: At 40098BBC len 00007444 (29 KiB): IRAM
I (456) spi_flash: detected chip: generic
I (459) spi_flash: flash io: dio
I (463) coexist: coex firmware version: b00e8cb
I (467) main_task: Started on CPU0
I (477) main_task: Calling app_main()
I (487) CY01: boot: FastKeyboard
I (487) CY01: chip cores=2 revision=301 features=0x00000032
I (487) CY01: flash=4MB
I (487) CY01: bt_mac=20:E7:C8:9C:64:5E
I (487) CY01: lcd init: ST7789 MOSI=13 MISO=12 SCLK=14 CS=15 DC=2 BL=21
I (987) CY01: lcd init ok
I (987) CY01: touch pins: SCK=25 DIN=32 CS=33 IRQ=36 DOUT=39
I (987) BTDM_INIT: BT controller compile version [a5d37fe]
I (987) BTDM_INIT: Using main XTAL as clock source
I (987) BTDM_INIT: Bluetooth MAC: 20:e7:c8:9c:64:5e
I (997) phy_init: phy_version 4863,a3a4459,Oct 28 2025,14:30:06
I (1077) phy_init: Saving new calibration data due to checksum failure or outdated calibration data, mode(0)
E (1427) ESP_HID_GAP: GAP config_adv_data failed: 258
ESP_ERROR_CHECK failed: esp_err_t 0x102 (ESP_ERR_INVALID_ARG) at 0x400dc0ea
file: "./main/main.c" line 510
func: app_main
expression: esp_hid_ble_gap_adv_init(ESP_HID_APPEARANCE_KEYBOARD, DEVICE_NAME)

abort() was called at PC 0x4009363e on core 0


Backtrace: 0x400936d5:0x3ffbbaa0 0x400936a1:0x3ffbbac0 0x400931ff:0x3ffbbae0 0x4009363e:0x3ffbbb50 0x400dc0ea:0x3ffbbb80 0x400d610d:0x3ffbbc60




ELF file SHA256: 0d33cb11f

Rebooting...
ets Jul 29 2019 12:21:46

rst:0xc (SW_CPU_RESET),boot:0x17 (SPI_FAST_FLASH_BOOT)
configsip: 0, SPIWP:0xee
clk_drv:0x00,q_drv:0x00,d_drv:0x00,cs0_drv:0x00,hd_drv:0x00,wp_drv:0x00
mode:DIO, clock div:2
load:0x3fff0040,len:6272
load:0x40078000,len:15848
load:0x40080400,len:3920
entry 0x40080644
I (27) boot: ESP-IDF v6.0.1 2nd stage bootloader
I (27) boot: compile time Jul  4 2026 14:43:03
I (27) boot: Multicore bootloader
I (29) boot: chip revision: v3.1
I (31) boot.esp32: SPI Speed      : 40MHz
I (35) boot.esp32: SPI Mode       : DIO
I (39) boot.esp32: SPI Flash Size : 4MB
I (42) boot: Enabling RNG early entropy source...
I (47) boot: Partition Table:
I (49) boot: ## Label            Usage          Type ST Offset   Length
I (56) boot:  0 nvs              WiFi data        01 02 00009000 00006000
I (62) boot:  1 phy_init         RF data          01 01 0000f000 00001000
I (69) boot:  2 factory          factory app      00 00 00010000 00177000
I (75) boot: End of partition table
I (79) esp_image: segment 0: paddr=00010020 vaddr=3f400020 size=1f28ch (127628) map
I (132) esp_image: segment 1: paddr=0002f2b4 vaddr=3ffbdb60 size=00d64h (  3428) load
I (133) esp_image: segment 2: paddr=00030020 vaddr=400d0020 size=6b050h (438352) map
I (292) esp_image: segment 3: paddr=0009b078 vaddr=3ffbe8c4 size=04274h ( 17012) load
I (298) esp_image: segment 4: paddr=0009f2f4 vaddr=40080000 size=18bbch (101308) load
I (340) esp_image: segment 5: paddr=000b7eb8 vaddr=50000000 size=00028h (    40) load
I (353) boot: Loaded app from partition at offset 0x10000
I (353) boot: Disabling RNG early entropy source...
I (363) cpu_start: Multicore app
I (371) cpu_start: GPIO 3 and 1 are used as console UART I/O pins
I (372) cpu_start: Pro cpu start user code
I (372) cpu_start: cpu freq: 160000000 Hz
I (373) app_init: Application information:
I (377) app_init: Project name:     cy01_esp32_fast_keyboard
I (383) app_init: App version:      e793d36-dirty
I (387) app_init: Compile time:     Jul  4 2026 16:08:46
I (392) app_init: ELF file SHA256:  0d33cb11f...
I (396) app_init: ESP-IDF:          v6.0.1
I (400) efuse_init: Min chip rev:     v0.0
I (404) efuse_init: Max chip rev:     v3.99 
I (408) efuse_init: Chip rev:         v3.1
I (412) heap_init: Initializing. RAM available for dynamic allocation:
I (418) heap_init: At 3FFAFF10 len 000000F0 (0 KiB): DRAM
I (423) heap_init: At 3FFB6388 len 00001C78 (7 KiB): DRAM
I (428) heap_init: At 3FFB9A20 len 00004108 (16 KiB): DRAM
I (434) heap_init: At 3FFC7228 len 00018DD8 (99 KiB): DRAM
I (439) heap_init: At 3FFE0440 len 00003AE0 (14 KiB): D/IRAM
I (444) heap_init: At 3FFE4350 len 0001BCB0 (111 KiB): D/IRAM
I (450) heap_init: At 40098BBC len 00007444 (29 KiB): IRAM
I (456) spi_flash: detected chip: generic
I (459) spi_flash: flash io: dio
I (463) coexist: coex firmware version: b00e8cb
I (467) main_task: Started on CPU0
I (477) main_task: Calling app_main()
I (487) CY01: boot: FastKeyboard
I (487) CY01: chip cores=2 revision=301 features=0x00000032
I (487) CY01: flash=4MB
I (487) CY01: bt_mac=20:E7:C8:9C:64:5E
I (487) CY01: lcd init: ST7789 MOSI=13 MISO=12 SCLK=14 CS=15 DC=2 BL=21
I (987) CY01: lcd init ok
I (987) CY01: touch pins: SCK=25 DIN=32 CS=33 IRQ=36 DOUT=39
I (987) BTDM_INIT: BT controller compile version [a5d37fe]
I (987) BTDM_INIT: Using main XTAL as clock source
I (987) BTDM_INIT: Bluetooth MAC: 20:e7:c8:9c:64:5e
I (997) phy_init: phy_version 4863,a3a4459,Oct 28 2025,14:30:06
E (1377) ESP_HID_GAP: GAP config_adv_data failed: 258
ESP_ERROR_CHECK failed: esp_err_t 0x102 (ESP_ERR_INVALID_ARG) at 0x400dc0ea
file: "./main/main.c" line 510
func: app_main
expression: esp_hid_ble_gap_adv_init(ESP_HID_APPEARANCE_KEYBOARD, DEVICE_NAME)

abort() was called at PC 0x4009363e on core 0


Backtrace: 0x400936d5:0x3ffbbaa0 0x400936a1:0x3ffbbac0 0x400931ff:0x3ffbbae0 0x4009363e:0x3ffbbb50 0x400dc0ea:0x3ffbbb80 0x400d610d:0x3ffbbc60




ELF file SHA256: 0d33cb11f

Rebooting...
ets Jul 29 2019 12:21:46

rst:0xc (SW_CPU_RESET),boot:0x17 (SPI_FAST_FLASH_BOOT)
configsip: 0, SPIWP:0xee
clk_drv:0x00,q_drv:0x00,d_drv:0x00,cs0_drv:0x00,hd_drv:0x00,wp_drv:0x00
mode:DIO, clock div:2
load:0x3fff0040,len:6272
load:0x40078000,len:15848
load:0x40080400,len:3920
entry 0x40080644
I (27) boot: ESP-IDF v6.0.1 2nd stage bootloader
I (27) boot: compile time Jul  4 2026 14:43:03
I (27) boot: Multicore bootloader
I (29) boot: chip revision: v3.1
I (31) boot.esp32: SPI Speed      : 40MHz
I (35) boot.esp32: SPI Mode       : DIO
I (39) boot.esp32: SPI Flash Size : 4MB
I (42) boot: Enabling RNG early entropy source...
I (47) boot: Partition Table:
I (49) boot: ## Label            Usage          Type ST Offset   Length
I (56) boot:  0 nvs              WiFi data        01 02 00009000 00006000
I (62) boot:  1 phy_init         RF data          01 01 0000f000 00001000
I (69) boot:  2 factory          factory app      00 00 00010000 00177000
I (75) boot: End of partition table
I (79) esp_image: segment 0: paddr=00010020 vaddr=3f400020 size=1f28ch (127628) map
I (132) esp_image: segment 1: paddr=0002f2b4 vaddr=3ffbdb60 size=00d64h (  3428) load
I (133) esp_image: segment 2: paddr=00030020 vaddr=400d0020 size=6b050h (438352) map
I (292) esp_image: segment 3: paddr=0009b078 vaddr=3ffbe8c4 size=04274h ( 17012) load
I (298) esp_image: segment 4: paddr=0009f2f4 vaddr=40080000 size=18bbch (101308) load
I (340) esp_image: segment 5: paddr=000b7eb8 vaddr=50000000 size=00028h (    40) load
I (353) boot: Loaded app from partition at offset 0x10000
I (353) boot: Disabling RNG early entropy source...
I (363) cpu_start: Multicore app
I (371) cpu_start: GPIO 3 and 1 are used as console UART I/O pins
I (371) cpu_start: Pro cpu start user code
I (372) cpu_start: cpu freq: 160000000 Hz
I (373) app_init: Application information:
I (377) app_init: Project name:     cy01_esp32_fast_keyboard
I (383) app_init: App version:      e793d36-dirty
I (387) app_init: Compile time:     Jul  4 2026 16:08:46
I (392) app_init: ELF file SHA256:  0d33cb11f...
I (396) app_init: ESP-IDF:          v6.0.1
I (400) efuse_init: Min chip rev:     v0.0
I (404) efuse_init: Max chip rev:     v3.99 
I (408) efuse_init: Chip rev:         v3.1
I (412) heap_init: Initializing. RAM available for dynamic allocation:
I (418) heap_init: At 3FFAFF10 len 000000F0 (0 KiB): DRAM
I (423) heap_init: At 3FFB6388 len 00001C78 (7 KiB): DRAM
I (428) heap_init: At 3FFB9A20 len 00004108 (16 KiB): DRAM
I (434) heap_init: At 3FFC7228 len 00018DD8 (99 KiB): DRAM
I (439) heap_init: At 3FFE0440 len 00003AE0 (14 KiB): D/IRAM
I (444) heap_init: At 3FFE4350 len 0001BCB0 (111 KiB): D/IRAM
I (450) heap_init: At 40098BBC len 00007444 (29 KiB): IRAM
I (456) spi_flash: detected chip: generic
I (459) spi_flash: flash io: dio
I (463) coexist: coex firmware version: b00e8cb
I (467) main_task: Started on CPU0
I (477) main_task: Calling app_main()
I (487) CY01: boot: FastKeyboard
I (487) CY01: chip cores=2 revision=301 features=0x00000032
I (487) CY01: flash=4MB
I (487) CY01: bt_mac=20:E7:C8:9C:64:5E
I (487) CY01: lcd init: ST7789 MOSI=13 MISO=12 SCLK=14 CS=15 DC=2 BL=21
I (987) CY01: lcd init ok
I (987) CY01: touch pins: SCK=25 DIN=32 CS=33 IRQ=36 DOUT=39
I (987) BTDM_INIT: BT controller compile version [a5d37fe]
I (987) BTDM_INIT: Using main XTAL as clock source
I (987) BTDM_INIT: Bluetooth MAC: 20:e7:c8:9c:64:5e
I (997) phy_init: phy_version 4863,a3a4459,Oct 28 2025,14:30:06
I (1077) phy_init: Saving new calibration data due to checksum failure or outdated calibration data, mode(0)
E (1387) ESP_HID_GAP: GAP config_adv_data failed: 258
ESP_ERROR_CHECK failed: esp_err_t 0x102 (ESP_ERR_INVALID_ARG) at 0x400dc0ea
file: "./main/main.c" line 510
func: app_main
expression: esp_hid_ble_gap_adv_init(ESP_HID_APPEARANCE_KEYBOARD, DEVICE_NAME)

abort() was called at PC 0x4009363e on core 0


Backtrace: 0x400936d5:0x3ffbbaa0 0x400936a1:0x3ffbbac0 0x400931ff:0x3ffbbae0 0x4009363e:0x3ffbbb50 0x400dc0ea:0x3ffbbb80 0x400d610d:0x3ffbbc60




ELF file SHA256: 0d33cb11f

Rebooting...
ets Jul 29 2019 12:21:46

rst:0xc (SW_CPU_RESET),boot:0x17 (SPI_FAST_FLASH_BOOT)
configsip: 0, SPIWP:0xee
clk_drv:0x00,q_drv:0x00,d_drv:0x00,cs0_drv:0x00,hd_drv:0x00,wp_drv:0x00
mode:DIO, clock div:2
load:0x3fff0040,len:6272
load:0x40078000,len:15848
load:0x40080400,len:3920
entry 0x40080644
I (27) boot: ESP-IDF v6.0.1 2nd stage bootloader
I (27) boot: compile time Jul  4 2026 14:43:03
I (27) boot: Multicore bootloader
I (29) boot: chip revision: v3.1
I (31) boot.esp32: SPI Speed      : 40MHz
I (35) boot.esp32: SPI Mode       : DIO
I (39) boot.esp32: SPI Flash Size : 4MB
I (42) boot: Enabling RNG early entropy source...
I (47) boot: Partition Table:
I (49) boot: ## Label            Usage          Type ST Offset   Length
I (56) boot:  0 nvs              WiFi data        01 02 00009000 00006000
I (62) boot:  1 phy_init         RF data          01 01 0000f000 00001000
I (69) boot:  2 factory          factory app      00 00 00010000 00177000
I (75) boot: End of partition table
I (79) esp_imag